src/App.tsx(2,37): error TS6133: 'Revision' is declared but its value is never read.
src/App.tsx(28,1): error TS6133: 'getSubjectsForCycle' is declared but its value is never read.
src/App.tsx(32,52): error TS6133: 'getSubjectDifficulty' is declared but its value is never read.
src/App.tsx(158,9): error TS6133: 'isFirstLoad' is declared but its value is never read.
src/App.tsx(218,10): error TS6133: 'reconnectCount' is declared but its value is never read.
src/App.tsx(1903,9): error TS6133: 'tabs' is declared but its value is never read.
src/components/AndroidWidgetSimulator.tsx(6,3): error TS6133: 'Shield' is declared but its value is never read.
src/components/AndroidWidgetSimulator.tsx(9,3): error TS6133: 'RotateCw' is declared but its value is never read.
src/components/AndroidWidgetSimulator.tsx(13,3): error TS6133: 'Eye' is declared but its value is never read.
src/components/AuthPopupScreen.tsx(2,46): error TS6133: 'BookOpen' is declared but its value is never read.
src/components/AuthPopupScreen.tsx(3,49): error TS6133: 'GoogleAuthProvider' is declared but its value is never read.
src/components/AuthScreen.tsx(6,3): error TS6133: 'BookOpen' is declared but its value is never read.
src/components/AuthScreen.tsx(51,10): error TS6133: 'isGeneratingCode' is declared but its value is never read.
src/components/AuthScreen.tsx(56,9): error TS6133: 'handleStartPairingFlow' is declared but its value is never read.
src/components/BadgeUnlockModal.tsx(3,10): error TS6133: 'Trophy' is declared but its value is never read.
src/components/BadgeUnlockModal.tsx(3,25): error TS6133: 'Sparkles' is declared but its value is never read.
src/components/CompletionAnimations.tsx(2,18): error TS6133: 'AnimatePresence' is declared but its value is never read.
src/components/CompletionAnimations.tsx(3,10): error TS6133: 'Sparkles' is declared but its value is never read.
src/components/CompletionAnimations.tsx(3,35): error TS6133: 'Award' is declared but its value is never read.
src/components/FocusTimer.tsx(2,18): error TS6133: 'AnimatePresence' is declared but its value is never read.
src/components/FocusTimer.tsx(7,3): error TS6133: 'Minus' is declared but its value is never read.
src/components/FocusTimer.tsx(9,3): error TS6133: 'Sparkles' is declared but its value is never read.
src/components/FocusTimer.tsx(12,3): error TS6133: 'ChevronRight' is declared but its value is never read.
src/components/FocusTimer.tsx(13,3): error TS6133: 'Flame' is declared but its value is never read.
src/components/FocusTimer.tsx(16,3): error TS6133: 'ChevronLeft' is declared but its value is never read.
src/components/FocusTimer.tsx(87,10): error TS6133: 'currentQuoteIdx' is declared but its value is never read.
src/components/FocusTimer.tsx(94,10): error TS6133: 'isFullscreenActive' is declared but its value is never read.
src/components/FocusTimer.tsx(307,9): error TS6133: 'audioContextRef' is declared but its value is never read.
src/components/FriendsTab.tsx(7,3): error TS6133: 'Flame' is declared but its value is never read.
src/components/FriendsTab.tsx(8,3): error TS6133: 'Award' is declared but its value is never read.
src/components/FriendsTab.tsx(10,3): error TS6133: 'BookOpen' is declared but its value is never read.
src/components/FriendsTab.tsx(11,3): error TS6133: 'GraduationCap' is declared but its value is never read.
src/components/FriendsTab.tsx(15,3): error TS6133: 'UserMinus' is declared but its value is never read.
src/components/FriendsTab.tsx(17,3): error TS6133: 'Sparkles' is declared but its value is never read.
src/components/FriendsTab.tsx(18,3): error TS6133: 'Lock' is declared but its value is never read.
src/components/FriendsTab.tsx(19,3): error TS6133: 'Unlock' is declared but its value is never read.
src/components/FriendsTab.tsx(21,3): error TS6133: 'ArrowLeft' is declared but its value is never read.
src/components/FriendsTab.tsx(23,3): error TS6133: 'CheckCircle2' is declared but its value is never read.
src/components/FriendsTab.tsx(24,3): error TS6133: 'AlertCircle' is declared but its value is never read.
src/components/FriendsTab.tsx(26,18): error TS6133: 'AnimatePresence' is declared but its value is never read.
src/components/FriendsTab.tsx(32,3): error TS6133: 'isUsernameUnique' is declared but its value is never read.
src/components/FriendsTab.tsx(49,3): error TS6133: 'createActivity' is declared but its value is never read.
src/components/FriendsTab.tsx(50,3): error TS6133: 'createNotification' is declared but its value is never read.
src/components/FriendsTab.tsx(53,3): error TS6133: 'getDoc' is declared but its value is never read.
src/components/FriendsTab.tsx(55,15): error TS6133: 'setDoc' is declared but its value is never read.
src/components/FriendsTab.tsx(322,9): error TS6133: 'handleGoogleSignOut' is declared but its value is never read.
src/components/Header.tsx(3,25): error TS6133: 'Award' is declared but its value is never read.
src/components/Header.tsx(3,79): error TS6133: 'GraduationCap' is declared but its value is never read.
src/components/Header.tsx(12,48): error TS6133: 'activeTab' is declared but its value is never read.
src/components/Header.tsx(17,9): error TS6133: 'tabs' is declared but its value is never read.
src/components/HomeTab.tsx(1,27): error TS6133: 'useEffect' is declared but its value is never read.
src/components/HomeTab.tsx(16,3): error TS6133: 'X' is declared but its value is never read.
src/components/HomeTab.tsx(17,3): error TS6133: 'ChevronDown' is declared but its value is never read.
src/components/HomeTab.tsx(18,3): error TS6133: 'ChevronUp' is declared but its value is never read.
src/components/HomeTab.tsx(21,3): error TS6133: 'Calendar' is declared but its value is never read.
src/components/HomeTab.tsx(25,18): error TS6133: 'AnimatePresence' is declared but its value is never read.
src/components/HomeTab.tsx(49,3): error TS6133: 'onOpenStudyCalendar' is declared but its value is never read.
src/components/ModuleResourcesSection.tsx(26,3): error TS6133: 'orderBy' is declared but its value is never read.
src/components/Onboarding.tsx(4,37): error TS6133: 'getPriorSemesterSubjects' is declared but its value is never read.
src/components/Onboarding.tsx(21,3): error TS6133: 'HelpCircle' is declared but its value is never read.
src/components/ProfileTab.tsx(6,17): error TS6133: 'Shield' is declared but its value is never read.
src/components/ProfileTab.tsx(6,68): error TS6133: 'User' is declared but its value is never read.
src/components/ProfileTab.tsx(409,17): error TS6133: 'todayStr' is declared but its value is never read.
src/components/ProfileTab.tsx(410,17): error TS6133: 'todayMins' is declared but its value is never read.
src/components/ProgressTab.tsx(266,17): error TS6133: 'todayStr' is declared but its value is never read.
src/components/ProgressTab.tsx(267,17): error TS6133: 'todayMins' is declared but its value is never read.
src/components/ProgressionTab.tsx(2,38): error TS6133: 'Topic' is declared but its value is never read.
src/components/ProgressionTab.tsx(3,57): error TS6133: 'Circle' is declared but its value is never read.
src/components/ProgressionTab.tsx(3,65): error TS6133: 'CheckCircle2' is declared but its value is never read.
src/components/ProgressionTab.tsx(3,86): error TS6133: 'Calendar' is declared but its value is never read.
src/components/ProgressionTab.tsx(3,96): error TS6133: 'Sparkles' is declared but its value is never read.
src/components/ProgressionTab.tsx(46,28): error TS6133: 'completedModules' is declared but its value is never read.
src/components/ProgressionTab.tsx(52,10): error TS6133: 'activeSubCategory' is declared but its value is never read.
src/components/ProgressionTab.tsx(52,29): error TS6133: 'setActiveSubCategory' is declared but its value is never read.
src/components/ProgressionTab.tsx(779,29): error TS6133: 'theme' is declared but its value is never read.
src/components/SettingsTab.tsx(12,3): error TS6133: 'HelpCircle' is declared but its value is never read.
src/components/SettingsTab.tsx(28,32): error TS6133: 'db' is declared but its value is never read.
src/components/SettingsTab.tsx(28,36): error TS6133: 'syncUserToFirestore' is declared but its value is never read.
src/components/SettingsTab.tsx(30,1): error TS6192: All imports in import declaration are unused.
src/components/SettingsTab.tsx(41,65): error TS6133: 'backlogSubjects' is declared but its value is never read.
src/components/SettingsTab.tsx(46,10): error TS6133: 'googleSync' is declared but its value is never read.
src/components/SettingsTab.tsx(46,22): error TS6133: 'setGoogleSync' is declared but its value is never read.
src/components/StudyCalendar.tsx(2,18): error TS6133: 'AnimatePresence' is declared but its value is never read.
src/components/TopicViewModal.tsx(3,41): error TS6133: 'Sparkles' is declared but its value is never read.
src/components/friends/NotificationCenterModal.tsx(18,3): error TS6133: 'userState' is declared but its value is never read.
src/courses/index.ts(3,1): error TS6133: 'vtu_2022_cse_s1' is declared but its value is never read.
src/courses/index.ts(4,1): error TS6133: 'vtu_2022_cse_s2' is declared but its value is never read.
src/courses/index.ts(7,1): error TS6133: 'vtu_2022_ise_s1' is declared but its value is never read.
src/courses/index.ts(8,1): error TS6133: 'vtu_2022_ise_s2' is declared but its value is never read.
src/courses/index.ts(11,1): error TS6133: 'vtu_2022_aiml_s1' is declared but its value is never read.
src/courses/index.ts(12,1): error TS6133: 'vtu_2022_aiml_s2' is declared but its value is never read.
src/courses/index.ts(15,1): error TS6133: 'vtu_2022_ece_s1' is declared but its value is never read.
src/courses/index.ts(16,1): error TS6133: 'vtu_2022_ece_s2' is declared but its value is never read.
src/lib/firebase.ts(5,3): error TS6133: 'signInWithPopup' is declared but its value is never read.
src/lib/firebase.ts(6,3): error TS6133: 'signInWithRedirect' is declared but its value is never read.
src/lib/firebase.ts(7,3): error TS6133: 'signOut' is declared but its value is never read.
src/lib/firebase.ts(8,11): error TS6133: 'FirebaseUser' is declared but its value is never read.
src/lib/firebase.ts(26,3): error TS6133: 'getDocFromServer' is declared but its value is never read.
src/lib/firebase.ts(95,22): error TS6133: 'event' is declared but its value is never read.
src/lib/firebase.ts(99,24): error TS6133: 'event' is declared but its value is never read.
src/lib/firebase.ts(165,30): error TS6133: 'event' is declared but its value is never read.
src/lib/firebase.ts(184,28): error TS6133: 'token' is declared but its value is never read.
src/lib/firebase.ts(615,9): error TS6133: 'inProgressTopics' is declared but its value is never read.
src/utils/xpUtils.ts(126,3): error TS6133: 'defaultTime' is declared but its value is never read.
